// Vitest Snapshot v1, https://vitest.dev/guide/snapshot.html

exports[`LiveBadge > renders consistently (snapshot) 1`] = `"<div class="flex items-center gap-1.5 rounded-full border px-2.5 py-0.5" style="background: var(--accent-bg); border-color: var(--accent)30;"><span class="inline-block h-1.5 w-1.5 animate-blink rounded-full" style="background: var(--accent);"></span><span class="text-[10px] font-semibold tracking-[1px]" style="color: var(--accent);">LIVE</span></div>"`;
