// Vitest Snapshot v1, https://vitest.dev/guide/snapshot.html

exports[`MetricCard > renders consistently (snapshot) 1`] = `"<div class="card-glow group relative overflow-hidden rounded-2xl border p-5" style="background: var(--bg-card); border-color: var(--border);"><div class="pointer-events-none absolute inset-0 opacity-0 transition-opacity duration-300 group-hover:opacity-100" style="background: radial-gradient(ellipse at top left, #eab3080A, transparent 70%);"></div><div class="relative"><div class="mb-2 text-sm font-semibold uppercase tracking-wide" style="color: var(--text-tertiary);">Earthquakes</div><div class="text-3xl font-bold tracking-tight" style="color: rgb(234, 179, 8); font-variant-numeric: tabular-nums;">2,345</div></div></div>"`;
